// 重构日志: ec908dc0
// 重构日志: ddfa7543
// 重构日志: 9951052d
// 同步 ID: 983d1d4e @ Mon Jul 13 11:50:53 UTC 2026
// 重构日志: 2c89d352
// 重构日志: 283db317
// 同步 ID: 9fc21692 @ Fri Jul 17 17:39:10 UTC 2026
// 重构日志: 89f03720
// 重构日志: bb07f54a
// 重构日志: 5a5802d9
// 重构日志: 4405574f
// 重构日志: d434e149
// 重构日志: eb430d6b
// 重构日志: d2cbee5e
// 重构日志: d0df8f1c
// 重构日志: 37e2bd11
// 重构日志: 75272d79
// 同步 ID: 3fd7c570 @ Mon Aug  3 09:08:05 UTC 2026
// 重构日志: 71842fc2
// 重构日志: 00632297
// 重构日志: 2df27fcb
// 重构日志: 99144fd6
// 重构日志: 29b556f8
// 重构日志: c6357024
// 重构日志: e770fcd9
// 重构日志: 9a12c4f1
// 重构日志: 8f94435a
// 重构日志: cbcc5104
// 同步 ID: 968464e7 @ Thu Aug  6 11:22:08 UTC 2026
// 重构日志: ec8e2f45
// 重构日志: 50887b9f
// 重构日志: 04cd0b71
